backend/test-db.ts(6,32): error TS2339: Property 'user' does not exist on type 'PrismaClient<{ adapter: PrismaPg; log: ("error" | "info" | "warn")[]; }, "error" | "info" | "warn", DefaultArgs>'.
backend/test-reset-login.ts(10,41): error TS2339: Property 'email' does not exist on type 'never'.
prisma.config.ts(11,5): error TS2353: Object literal may only specify known properties, and 'directUrl' does not exist in type '{ url?: string; shadowDatabaseUrl?: string; }'.
screens/DoctorDashboardScreen.tsx(270,55): error TS2322: Type '{ key: number; item: { label: string; value: any; icon: react.ForwardRefExoticComponent<any>; color: string; }; }' is not assignable to type '{ item: { label: string; value: any; icon: react.ForwardRefExoticComponent<any>; color: string; }; }'.
  Property 'key' does not exist on type '{ item: { label: string; value: any; icon: react.ForwardRefExoticComponent<any>; color: string; }; }'.
screens/DoctorDashboardScreen.tsx(287,74): error TS2322: Type '{ key: any; apt: any; }' is not assignable to type '{ apt: any; }'.
  Property 'key' does not exist on type '{ apt: any; }'.
